[
  {
    "Id": "00000000-0000-0000-0000-000000000000",
    "ExternalId": "00000000-0000-0000-0000-000000000001",
    "Name": "Jackson Test",
    "CreatedDate": "2010-01-02T00:00:00+00:00",
    "ModifiedDate": null,
    "Tagline": "Tech guy",
    "Bio": "Thinker. Food trailblazer. Organizer. Student. Pop culture fanatic. Writer. Passionate twitter lover. Music advocate.",
    "ProfilePhotoUrl": "https://sessionize.com/image?f=00000000-0000-0000-0000-000000000002,200,200,True,False,test1.jpg",
    "WebsiteUrl": null,
    "TwitterHandle": "sessionizecom",
    "DataFields": {}
  },
  {
    "Id": "00000000-0000-0000-0000-000000000003",
    "ExternalId": "00000000-0000-0000-0000-000000000004",
    "Name": "Rob Moore2",
    "CreatedDate": "2010-01-01T00:00:00+00:00",
    "ModifiedDate": "2010-01-02T00:00:00+00:00",
    "Tagline": "PC at Readify",
    "Bio": "Rob is a PC with Readify and specialises in leading teams towards the delivery of business value using Agile and Lean values and principles and by adopting DevOps and Continuous Delivery practices.\r\n\r\nRob has a proven track record of successfully delivering software projects with a particular focus on accelerated business value delivery, measurement and realisation and he has also been a proponent for and leader towards positive cultural change and gradual continuous improvement across a number of organisations, teams and projects.",
    "ProfilePhotoUrl": "https://sessionize.com/image?f=00000000-0000-0000-0000-000000000005,200,200,True,False,00000000-0000-0000-0000-000000000006.jpg",
    "WebsiteUrl": "https://robdmoore.id.au/",
    "TwitterHandle": "robdmoore2",
    "DataFields": {
      "Mobile number": "0400000000",
      "Level": "Introductory"
    }
  }
]