[
  {
    "Id": "00000000-0000-0000-0000-000000000000",
    "ExternalId": "00000000-0000-0000-0000-000000000001",
    "Name": "Sophia Test",
    "CreatedDate": "2010-01-01T00:00:00+00:00",
    "ModifiedDate": null,
    "Tagline": "CEO / Contoso",
    "Bio": "Award-winning zombie specialist. Reader. Twitter fan. Total introvert. Internet evangelist. Thinker. Beer junkie. Food advocate.",
    "ProfilePhotoUrl": "https://sessionize.com/image?f=00000000-0000-0000-0000-000000000002,200,200,True,False,test0.jpg",
    "WebsiteUrl": null,
    "TwitterHandle": "sessionizecom",
    "DataFields": {}
  },
  {
    "Id": "00000000-0000-0000-0000-000000000003",
    "ExternalId": "00000000-0000-0000-0000-000000000004",
    "Name": "Rob Moore",
    "CreatedDate": "2010-01-01T00:00:00+00:00",
    "ModifiedDate": null,
    "Tagline": "Principal Consultant at Readify",
    "Bio": "Rob is a Principal Consultant with Readify and specialises in leading teams towards the delivery of business value using Agile and Lean values and principles and by adopting DevOps and Continuous Delivery practices.\r\n\r\nRob has a proven track record of successfully delivering software projects with a particular focus on accelerated business value delivery, measurement and realisation and he has also been a proponent for and leader towards positive cultural change and gradual continuous improvement across a number of organisations, teams and projects.",
    "ProfilePhotoUrl": "https://sessionize.com/image?f=00000000-0000-0000-0000-000000000005,200,200,True,False,00000000-0000-0000-0000-000000000006.jpg",
    "WebsiteUrl": "https://robdmoore.id.au/",
    "TwitterHandle": "robdmoore",
    "DataFields": {
      "Mobile number": "0400777763",
      "Level": "Intermediate"
    }
  }
]